09-11 15:53:34.882 17396-17111/? A/google-breakpad: S 0000007EDE23A280 50B9147100000000400000000000000050B914710000000038A0427100000000C0A223DE7E00000000000000000000009A168D71000000000100000004000000C8A223DE7E0000004036E4127F00000010A323DE7E0000005CBFA98A7F00000000104B807F0000008C36E4120000000010A323DE7E00000064BFA98A7F00000000104B807F000000000000000000000010A423DE7E000000D85CF78E7F00000040A423DE7E000000C0A423DE7E00000000A0018F7F00000000B55A5F7F0000000050100000000000000000000000000000104B807F0000000050F78E7F000000E8A85A5F7F00000000100000000000000040100000000000B0CDB98A7F0000000000000000000000000000000000000000000000000000000000000000000000000000000100000000005700000000000000000000000000000000000000000000104B807F000000C09BB4327F0000004061C98A7F00000000104B807F000000430000005700000000A423DE7E00000021000000000000001900000000000000
09-11 15:53:34.883 17396-17111/? A/google-breakpad: S 0000007EDE23A400 4009FB157F000000B817E5673F14F6B430A423DE7E00000088EBF28E7F00000040B45A5F7F000000A73D000000000000000000000000000000000000000000004094FD337F0000004014D2DD7E000000D7420000A73D00000100000000000000006013DE7E00000040441000000000000010000000000000000000000000000028A49A73000000004036E4120000000003000000000000000000000000000000B4BCA98A7F00000000104B807F000000000000000000000000E0326F7F000000010000000000000000000000000000000000000000000000000000000000000000000000000000000050100000000000F0A423DE7E00000040A423DE7E000000160000000000000000000000000000000000000000000000B817E5673F14F6B4000000000000000000000000000000000000000000000000000000000000000000000000000000000000000000000000000000000000000000000000000000000000000000000000000000000000000000000000000000000000000000000000
09-11 15:53:34.883 17396-17111/? A/google-breakpad: S 0000007EDE23A580 0000000000000000000000000000000000000000000000000000000000000000000000000000000000000000000000000000000000000000000000000000000000000000000000000000000000000000000000000000000001000000000000000031322E7F0000000000000000000000000000000000000000000000000000000000000000000000010000000000000000104B807F0000000000000000000000000000000000000000000000000000000000000000000000000000000000000000000000000000000000000000000000000000000000000001000000000000004009FB157F0000000000000000000000000000000000000000000000000000000000000000000000000000000000000000000000000000000000000000000000000000000000000000000000000000000000000000000000000000000000000000000000000000000000000000000000000000000000000000000000000000000000000000000000000000000000000000000000000000000000000000000000
09-11 15:53:34.883 17396-17111/? A/google-breakpad: S 0000007EDE23A700 000000000000000000000000000000000000000000000000000000000000000000000000000000000000000000000000000000000000000000000000000000000000000000000000000000000000000000000000000000000000000000000000000000000000000000000000000000000000000000000000000000000000000000000000000000000000000000000000000000000000000000000000000000000000000000000000000000000000000000000000000000000000000000000000000000000000000000000000000000000000000000000000000000000000000000000000000000000000000000000000000000000000000000000000000000000000000000000000000000000000000000000000000000000000000000000000000000000000000000000000000000000000000000000000000000000000000000000000000000000000000000000000000000000000000000000000000000000000000000000000000000000000000000000000000000000000000000000000
09-11 15:53:34.884 17396-17111/? A/google-breakpad: S 0000007EDE23A880 000000000000000000000000000000000000000000000000000000000000000000000000000000000000000000000000000000000000000000000000000000000000000000000000000000000000000000000000000000000000000000000000000000000000000000000000000000000000000000000000000000000000000000000000000000000000000000000000000000000000000000000000000000000000000000000000000000000000000000000000000000000000000000000000000000000000000000000000000000000000000000000000000000000000000000000000000000000000000000000000000000000000000000000000000000000000000000000000000000000000000000000000000000000000000000000000000000000000000000000000000000000000000000000000000000000000000000000000000000000000000000000000000000000000000000000000000000000000000000000000000000000000000000000000000000000000000000000000
09-11 15:53:34.884 17396-17111/? A/google-breakpad: S 0000007EDE23AA00 000000000000000000000000000000000000000000000000000000000000000000000000000000000000000000000000000000000000000000000000000000000000000000000000000000000000000000000000000000000000000000000000000000000000000000000000000000000000000000000000000000000000000000000000000000000000000000000000000000000000000000000000000000000000000000000000000000000000000000000000000000000000000000000000000000000000000000000000000000000000000000000000000000000000000000000000000000000000000000000000000000000000000000000000000000000000000000000000000000000000000000000000000000000000000000000000000000000000000000000000000000000000000000000000000000000000000000000000000000000000000000000000000000000000000000000000000000000000000000000000000000000000000000000000000000000000000000000000
09-11 15:53:34.885 17396-17111/? A/google-breakpad: S 0000007EDE23AB80 000000000000000000000000000000000000000000000000000000000000000000000000000000000000000000000000000000000000000000000000000000000000000000000000000000000000000000000000000000000000000000000000000000000000000000000000000000000000000000000000000000000000000000000000000000000000000000000000000000000000000000000000000000000000000000000000000000000000000000000000000000000000000000000000000000000000000000000000000000000000000000000000000000000000000000000000000000000000000000000000000000000000000000000000000000000000000000000000000000000000000000000000000000000000000000000000000000000000000000000000000000000000000000000000000000000000000000000000000000000000000000000000000000000000000000000000000000000000000000000000000000000000000000000000000000000000000000000000
09-11 15:53:34.885 17396-17111/? A/google-breakpad: S 0000007EDE23AD00 000000000000000000000000000000000000000000000000000000000000000000000000000000000000000000000000000000000000000000000000000000000000000000000000000000000000000000000000000000000000000000000000000000000000000000000000000000000000000000000000000000000000000000000000000000000000000000000000000000000000000000000000000000000000000000000000000000000000000000000000000000000000000000000000000000000000000000000000000000000000000000000000000000000000000000000000000000000000000000000000000000000000000000000000000000000000000000000000000000000000000000000000000000000000000000000000000000000000000000000000000000000000000000000000000000000000000000000000000000000000000000000000000000000000000000000000000000000000000000000000000000000000000000000000000000000000000000000000
09-11 15:53:34.886 17396-17111/? A/google-breakpad: S 0000007EDE23AE80 000000000000000000000000000000000000000000000000000000000000000000000000000000000000000000000000000000000000000000000000000000000000000000000000000000000000000000000000000000000000000000000000000000000000000000000000000000000000000000000000000000000000000000000000000000000000000000000000000000000000000000000000000000000000000000000000000000000000000000000000000000000000000000000000000000000000000000000000000000000000000000000000000000000000000000000000000000000000000000000000000000000000000000000000000000000000000000000000000000000000000000000000000000000000000000000000000000000000000000000000000000000000000000000000000000000000000000000000000000000000000000000000000000000000000000000000000000000000000000000000000000000000000000000000000000000000000000000000
09-11 15:53:34.887 17396-17111/? A/google-breakpad: C 06000080000000000000000000000000D74200000000000006000000000000000000000000000000000000000000000001000000000000000000000000000000000000000000000083000000000000001F3D3C1F45435E527F7F7F7F7F7F7F7F0101010101010101C008028F7F000000B817E5673F14F6B4B817E5673F14F6B4C47E59AA872E0B00D8A4018F7F0000002C8AF78E7F000000D0FFFFFF0000000000A523DE7E00000040A423DE7E0000000B000000000000000600000000000000C0CB1E337F000000708B23DE7E000000808B23DE7E000000C09BB4327F000000488D23DE7E0000003075000000000000D08823DE7E0000008868F78E7F000000D08823DE7E000000348AF78E7F00000000000020100000000000000000000000000000000000000000000000C00000000000000000000000000000007280ADEB0000000000000000000000007380ADEB0000000000000000000000007480ADEB0000000000000000000000007580ADEB000000000000000000000000000000000000000000000000000000007780ADEB000000000000000000000000020000000000000000000000000000001E000000000000000000000000000000000000000000000000000000000000000000000000000000000000000000000018E869CA7F0000000000000000000000D0F4CA7C55000000000000000000000004000000000000000000000000000000000000000000000000000000000000008080ADEB0000000000000000000000008180ADEB0000000000000000000000008280ADEB0000000000000000000000008380ADEB0000000000000000000000008480ADEB0000000000000000000000008580ADEB0000000000000000000000008680ADEB0000000000000000000000008780ADEB0000000000000000000000008880ADEB0000000000000000000000008980ADEB0000000000000000000000008A80ADEB0000000000000000000000008B80ADEB0000000000000000000000008C80ADEB0000000000000000000000008D80ADEB0000000000000000000000008E80ADEB0000000000000000000000008F80ADEB000000000000000000000000
09-11 15:53:34.887 17396-17111/? A/google-breakpad: M 000000557CCAC000 0000000000000000 0000000000004000 D246AFF70D1D0834BE69CEC89E9E6E5E0 app_process64
09-11 15:53:34.887 17396-17111/? A/google-breakpad: M 0000000073983000 0000000002462000 0000000002490000 000000000000000000000000000000000 system@framework@boot.oat
09-11 15:53:34.887 17396-17111/? A/google-breakpad: M 0000007F68EC4000 0000000000000000 0000000000001000 0F841483C0EE903BFC05586DCB1985D40 libEGL_vr.so
09-11 15:53:34.887 17396-17111/? A/google-breakpad: M 0000007F68EDB000 0000000000000000 0000000000002000 397EF62D050759FE90B74DA595620A170 libmediamonitor_jni.so
09-11 15:53:34.888 17396-17111/? A/google-breakpad: M 0000007F69561000 0000000000000000 0000000000012000 85E5E2B0E6F3D9656884B1A2E3CC1CF90 libNativeNoiseSupLong.so
09-11 15:53:34.888 17396-17111/? A/google-breakpad: M 0000007F6ACEE000 000000000014E000 0000000000147000 000000000000000000000000000000000 base.odex
09-11 15:53:34.888 17396-17111/? A/google-breakpad: M 0000007F6B543000 0000000000000000 0000000000003000 FB3E66A1BAB371053028E58D11C216760 libwebviewchromium_plat_support.so
09-11 15:53:34.888 17396-17111/? A/google-breakpad: M 0000007F6E0C2000 0000000000000000 0000000000021000 0D4322D2D3398E17DE011535798208120 libhwaps.so
09-11 15:53:34.888 17396-17111/? A/google-breakpad: M 0000007F6E38C000 0000000000000000 0000000000006000 73CE5DECED089CB809B84E4A25FDBC730 libhwuibp.so
09-11 15:53:34.888 17396-17111/? A/google-breakpad: M 0000007F70A45000 0000000000B9D000 0000000000D95000 000000000000000000000000000000000 base.odex
09-11 15:53:34.888 17396-17111/? A/google-breakpad: M 0000007F727DB000 0000000000000000 0000000000001000 5F4BB08F4685DE03ED0D46FFBB0472480 libhwdeviceinfo.so
09-11 15:53:34.888 17396-17111/? A/google-breakpad: M 0000007F727ED000 0000000000000000 0000000000002000 04FFB92C3751B816799814A8979CCD110 libfm_jni.so
09-11 15:53:34.888 17396-17111/? A/google-breakpad: M 0000007F728C9000 0000000000000000 0000000000001000 0B74FCFE75168D610352DADEE5F33D8E0 libhwtheme_jni.so
09-11 15:53:34.888 17396-17111/? A/google-breakpad: M 0000007F728DA000 0000000000000000 0000000000025000 AC5F0635C7F4399E00EF5D889C51A0F60 libkeymaster1.so
09-11 15:53:34.888 17396-17111/? A/google-breakpad: M 0000007F72912000 0000000000000000 000000000000B000 C4E80ADA754E0B8077392A659443D0380 libkeymaster_messages.so
09-11 15:53:34.888 17396-17111/? A/google-breakpad: M 0000007F7292E000 0000000000000000 0000000000015000 862CAD646DA0208F904871B181F761F60 libsoftkeymasterdevice.so
09-11 15:53:34.888 17396-17111/? A/google-breakpad: M 0000007F72953000 0000000000000000 000000000000F000 31AD098DBEFC847090DF410EE402E1F50 libkeystore_binder.so
09-11 15:53:34.888 17396-17111/? A/google-breakpad: M 0000007F72975000 0000000000000000 0000000000003000 6ACB7031EAA621A767B66C2DCD04713B0 libkeystore-engine.so
09-11 15:53:34.888 17396-17111/? A/google-breakpad: M 0000007F72986000 0000000000000000 0000000000027000 A00C6A38023E8FFEE9B07AFDD38253890 libjavacrypto.so
09-11 15:53:34.888 17396-17111/? A/google-breakpad: M 0000007F72A08000 0000000000000000 0000000000003000 03A9E0B1FF9A1740D1A8AACEF11413A20 libmedia_jni.huawei.so
09-11 15:53:34.888 17396-17111/? A/google-breakpad: M 0000007F72A1D000 0000000000000000 0000000000010000 2D3574008149EAAA45B45A1FDF3F84640 libstagefright_amrnb_common.so
09-11 15:53:34.888 17396-17111/? A/google-breakpad: M 0000007F72A34000 0000000000000000 000000000002F000 878E2F03C068F5656D827FE0953074F10 libexif.so
09-11 15:53:34.888 17396-17111/? A/google-breakpad: M 0000007F72A88000 0000000000000000 000000000000D000 23A6DD4EFFCD5B61B3578AD9F63118980 libjhead.so
09-11 15:53:34.888 17396-17111/? A/google-breakpad: M 0000007F72AA7000 0000000000000000 000000000001F000 70CA1E4EC547DD6E75C6A4450584C3170 libmtp.so
09-11 15:53:34.888 17396-17111/? A/google-breakpad: M 0000007F72AD2000 0000000000000000 0000000000071000 147EF2BD3677C9C55C2A126F3D99C5BC0 libmedia_jni.so
09-11 15:53:34.888 17396-17111/? A/google-breakpad: M 0000007F77D0E000 0000000000000000 0000000003A32000 DDE364CBDB4F49C27032BA4F297A8D8A0 libwebviewchromium.so
09-11 15:53:34.888 17396-17111/? A/google-breakpad: M 0000007F81526000 0000000000000000 0000000000002000 43086AEB628ECB3B755341A2DD0D735F0 libwebviewchromium_loader.so
09-11 15:53:34.888 17396-17111/? A/google-breakpad: M 0000007F82459000 0000000000000000 0000000000001000 FE61EE3752DD867BB56872FB50C237560 libjnigraphics.so
09-11 15:53:34.889 17396-17111/? A/google-breakpad: M 0000007F8246B000 0000000000000000 000000000001A000 DD444058B05030F3135EC13B224DB2E80 libcompiler_rt.so
09-11 15:53:34.889 17396-17111/? A/google-breakpad: M 0000007F82589000 0000000000000000 0000000000016000 6ED6A5C26BF7F509F9BBAB4E34FC0B0F0 libandroid.so
09-11 15:53:34.889 17396-17111/? A/google-breakpad: M 0000007F823EB000 0000000000000000 0000000001806000 C3779F88E13885D0081828900CA200A20 libGLES_mali.so
09-11 15:53:34.889 17396-17111/? A/google-breakpad: M 0000007F83F5F000 0000000000000000 0000000000012000 8D0C7602A71847C042903B0AC5705A670 fm.bcm.hi3650.so
09-11 15:53:34.889 17396-17111/? A/google-breakpad: M 0000007F83FA7000 0000000000000000 0000000000008000 40755E337C1D5ACB34B85B700FBD5C8D0 libpowergenie_native3.so
09-11 15:53:34.889 17396-17111/? A/google-breakpad: M 0000007F84000000 0000000000000000 0000000000001000 95A331CA32CC85203FBEDFE459C5FBBC0 libfm_interface.so
09-11 15:53:34.889 17396-17111/? A/google-breakpad: M 0000007F84012000 0000000000000000 0000000000001000 83CB46047A24ADF2B25DA45E81D0925C0 memtrack.hi3650.so
09-11 15:53:34.889 17396-17111/? A/google-breakpad: M 0000007F84025000 0000000000000000 0000000000004000 24347C510ECB71F7676E0A8D6DEDF0650 libdrmbitmap.huawei.so
09-11 15:53:34.889 17396-17111/? A/google-breakpad: M 0000007F85B4D000 0000000000000000 000000000005A000 7D62940950637D9C8A8F74E51C5B6FCC0 libjavacore.so
09-11 15:53:34.889 17396-17111/? A/google-breakpad: M 0000007F8945E000 0000000000000000 000000000000F000 9FAF4324948E414DEEAEAF66921C849E0 libnlogger.so
09-11 15:53:34.889 17396-17111/? A/google-breakpad: M 0000007F897A2000 0000000000000000 000000000000B000 B7B7B946B5CE5D72F7F0AC9BF48F2DA00 gralloc.hi3650.so
09-11 15:53:34.889 17396-17111/? A/google-breakpad: M 0000007F8A63C000 0000000000000000 000000000061C000 3C85D3A082D32509CA34F1972DD490500 libart.so
09-11 15:53:34.889 17396-17111/? A/google-breakpad: M 0000007F8AF55000 0000000000000000 0000000000001000 05A2ACEAF0EEF21FAC5F6436E57D43DB0 libsigchain.so
09-11 15:53:34.889 17396-17111/? A/google-breakpad: M 0000007F8AEF5000 0000000000000000 0000000000FB3000 7C7589CE40F05D3160AD351DB42B4C820 libLLVM.so
09-11 15:53:34.889 17396-17111/? A/google-breakpad: M 0000007F8BF65000 0000000000000000 000000000004A000 B631C53DFF9E6A76BD8D921F867F3B300 libbcinfo.so
09-11 15:53:34.889 17396-17111/? A/google-breakpad: M 0000007F8BFC1000 0000000000000000 0000000000062000 B6E19929958E74C1282F045F0B10E6D50 libbcc.so
09-11 15:53:34.889 17396-17111/? A/google-breakpad: M 0000007F8C032000 0000000000000000 0000000000010000 CA982832A3E6E45D25F62DCA4C609FF70 libcommon_time_client.so
09-11 15:53:34.889 17396-17111/? A/google-breakpad: M 0000007F8C057000 0000000000000000 0000000000023000 7A7CAC2E566014799C6752BBB9D8E79F0 libprotobuf-cpp-lite.so
09-11 15:53:34.889 17396-17111/? A/google-breakpad: M 0000007F8C08C000 0000000000000000 000000000000A000 29593940541D80E2CE4AA0F3C95A0E9D0 libstagefright_avc_common.so
09-11 15:53:34.889 17396-17111/? A/google-breakpad: M 0000007F8C0A7000 0000000000000000 0000000000001000 816A0D214C8C6CAE106D52CC1251E9A80 libstagefright_enc_common.so
09-11 15:53:34.889 17396-17111/? A/google-breakpad: M 0000007F8C0B9000 0000000000000000 0000000000003000 DA8ACB0F5FEEBDF4C42687BBDDC431C00 libpowermanager.so
09-11 15:53:34.889 17396-17111/? A/google-breakpad: M 0000007F8C0CE000 0000000000000000 000000000001D000 4ACAFEE630BC46CE0195594C58789FBA0 libvorbisidec.so
09-11 15:53:34.889 17396-17111/? A/google-breakpad: M 0000007F8C0FD000 0000000000000000 0000000000003000 00A97D10E72782CB22874A12B60D6FBF0 libstagefright_yuv.so
09-11 15:53:34.889 17396-17111/? A/google-breakpad: M 0000007F8C10B000 0000000000000000 000000000003C000 517381A6D695BBA4F094CB1070C41DCF0 libstagefright_omx.so
09-11 15:53:34.889 17396-17111/? A/google-breakpad: M 0000007F8C11B000 0000000000000000 00000000008D0000 482C858F255445AD515233147E8383820 lib_k3_ffmpeg.so
09-11 15:53:34.889 17396-17111/? A/google-breakpad: M 0000007F8CFA3000 0000000000000000 000000000004B000 B7E74E3F3DCC117D82562ED2A10667F40 libopus.so
09-11 15:53:34.889 17396-17111/? A/google-breakpad: M 0000007F8CFFF000 0000000000000000 0000000000008000 D71883A227FCB61E9BD965EE733B3CC90 libmediautils.so
09-11 15:53:34.890 17396-17111/? A/google-breakpad: M 0000007F8D014000 0000000000000000 0000000000022000 64436BECDF59F5120E7105C06DD8A3040 libdrmframework.so
09-11 15:53:34.890 17396-17111/? A/google-breakpad: M 0000007F8D04B000 0000000000000000 0000000000002000 BE373CE6BB8E8BAF9DEC962C42EDBB270 libion.so
09-11 15:53:34.890 17396-17111/? A/google-breakpad: M 0000007F8D05E000 0000000000000000 0000000000002000 71BEEAAA4957DDAA4005E4F46876BED80 liboeminfo.so
09-11 15:53:34.890 17396-17111/? A/google-breakpad: M 0000007F8D072000 0000000000000000 0000000000029000 46F618C6E99E2512DDD1CF05FFFC84690 libRScpp.so
09-11 15:53:34.890 17396-17111/? A/google-breakpad: M 0000007F8D0AC000 0000000000000000 0000000000056000 0236C1294B6E930C661A5A6586076B740 libRS.so
09-11 15:53:34.890 17396-17111/? A/google-breakpad: M 0000007F8D116000 0000000000000000 0000000000003000 3B8351E783C61A6360F93077DC9B45E40 libspeexresampler.so
09-11 15:53:34.890 17396-17111/? A/google-breakpad: M 0000007F8D12A000 0000000000000000 000000000000B000 C2B30617E5FD95D26D72A84ABB64423C0 libnbaio.so
09-11 15:53:34.890 17396-17111/? A/google-breakpad: M 0000007F8D147000 0000000000000000 000000000001A000 E2A540A80E45A6DEB8F31B11B22D45680 libpcre.so
09-11 15:53:34.890 17396-17111/? A/google-breakpad: M 0000007F8D172000 0000000000000000 0000000000005000 AE4C4AB04AB3FA6F97C40D95477B371B0 libwpa_client.so
09-11 15:53:34.890 17396-17111/? A/google-breakpad: M 0000007F8D18A000 0000000000000000 0000000000027000 103F43DB4707B03B00A146B03D039DD90 libhwgl.so
09-11 15:53:34.890 17396-17111/? A/google-breakpad: M 0000007F8D1C0000 0000000000000000 00000000000D0000 F134043BD24348576EE9EF519D0AB2000 libGLES_trace.so
09-11 15:53:34.890 17396-17111/? A/google-breakpad: M 0000007F8D291000 0000000000000000 0000000000069000 6A59BE129158513C1FC8FCB9CF092E990 libft2.so
09-11 15:53:34.890 17396-17111/? A/google-breakpad: M 0000007F8D30F000 0000000000000000 0000000000035000 75E8B54F117D34CB38C926D222678D120 libpng.so
09-11 15:53:34.890 17396-17111/? A/google-breakpad: M 0000007F8D356000 0000000000000000 0000000000001000 26A36B7FE11F86F3F467F6567C0D95F00 libsync.so
09-11 15:53:34.890 17396-17111/? A/google-breakpad: M 0000007F8D368000 0000000000000000 0000000000003000 8A94F20192B214A7A6D884C8B090D1860 libstdc++.so
09-11 15:53:34.890 17396-17111/? A/google-breakpad: M 0000007F8D37D000 0000000000000000 000000000001B000 D1EEC14968F4A8037FCFFCD562F02CF70 libunwind.so
09-11 15:53:34.890 17396-17111/? A/google-breakpad: M 0000007F8D412000 0000000000000000 0000000000009000 6F0182A080F47C2FBED6A966A49575C80 libbase.so
09-11 15:53:34.890 17396-17111/? A/google-breakpad: M 0000007F8D42C000 0000000000000000 0000000000004000 90DA396A59259CF9243DDF347BEF39A80 libeffects.so
09-11 15:53:34.890 17396-17111/? A/google-breakpad: M 0000007F8D441000 0000000000000000 0000000000002000 08906EDC41AC06FD29D0F2B78C0835910 libstagefright_http_support.so
09-11 15:53:34.890 17396-17111/? A/google-breakpad: M 0000007F8D453000 0000000000000000 000000000001F000 DD02035495137492E5008FE6DDBAA4540 libstagefright_foundation.so
09-11 15:53:34.890 17396-17111/? A/google-breakpad: M 0000007F8D46A000 0000000000000000 00000000001DF000 74BADB2474EF97C38E09E09C18DA92AC0 libstagefright.so
09-11 15:53:34.890 17396-17111/? A/google-breakpad: M 0000007F8D672000 0000000000000000 0000000000002000 46E1192FE8659A6BE312CF750005BA720 lib_oeminfo_interface.so
09-11 15:53:34.890 17396-17111/? A/google-breakpad: M 0000007F8D685000 0000000000000000 0000000000002000 9D9795DF14FB9E6522ED338CDB9153F30 libservices.huawei.so
09-11 15:53:34.890 17396-17111/? A/google-breakpad: M 0000007F8D692000 0000000000000000 000000000009E000 25881B80AAE02FC54FAB2267C2809B390 libhwui.so
09-11 15:53:34.890 17396-17111/? A/google-breakpad: M 0000007F8D744000 0000000000000000 000000000000C000 D4C3F9D003209423D5DC7C957A0B023F0 libperfhub_client.so
09-11 15:53:34.890 17396-17111/? A/google-breakpad: M 0000007F8D75F000 0000000000000000 0000000000011000 98BBB3FBBBFC47C723E0EE59CB59342F0 libhwextdevice.so
09-11 15:53:34.890 17396-17111/? A/google-breakpad: M 0000007F8D787000 0000000000000000 0000000000002000 2B36AC75BD5FB39BDC3B5C0A9DE7A1AF0 libradio_metadata.so
09-11 15:53:34.890 17396-17111/? A/google-breakpad: M 0000007F8D79A000 0000000000000000 0000000000003000 B923B585E0CCBD0DA1A0093200D65CA80 libnativebridge.so
09-11 15:53:34.891 17396-17111/? A/google-breakpad: M 0000007F8D7AE000 0000000000000000 0000000000002000 F8DEDDE965994D666325C19FCE66C3EB0 libprocessgroup.so
09-11 15:53:34.891 17396-17111/? A/google-breakpad: M 0000007F8D7C1000 0000000000000000 0000000000017000 F48E42FC01DD864D05FA84B830394CB60 libminikin.so
09-11 15:53:34.891 17396-17111/? A/google-breakpad: M 0000007F8D7E6000 0000000000000000 000000000000E000 B652BD3DD0C7B2C6F29E7D3BFC822C600 libsoundtrigger.so
09-11 15:53:34.891 17396-17111/? A/google-breakpad: M 0000007F8D804000 0000000000000000 000000000000E000 184B4DEEC78968E7BC48CA4E7CF0531F0 libradio.so
09-11 15:53:34.891 17396-17111/? A/google-breakpad: M 0000007F8D827000 0000000000000000 0000000000002000 9EEF2757A4B021EEA9707594A63721440 libnetd_client.so
09-11 15:53:34.891 17396-17111/? A/google-breakpad: M 0000007F8D839000 0000000000000000 0000000000013000 7849AF90FECF9F35F7D39AEFD44D17980 libimg_utils.so
09-11 15:53:34.891 17396-17111/? A/google-breakpad: M 0000007F8D84A000 0000000000000000 0000000000439000 936D92E53D171AA36CCC1E91512FB0C20 libpdfium.so
09-11 15:53:34.891 17396-17111/? A/google-breakpad: M 0000007F8DCA9000 0000000000000000 000000000000A000 BA08C2B2EE2F0CBAA745492A26E079F20 libaudioutils.so
09-11 15:53:34.891 17396-17111/? A/google-breakpad: M 0000007F8DCC6000 0000000000000000 000000000001C000 9BD6DABF2C0E4639BED26927F79472980 libz.so
09-11 15:53:34.891 17396-17111/? A/google-breakpad: M 0000007F8DCF3000 0000000000000000 000000000004F000 DB777A90CD68F6CE0E37AED5099341FA0 libharfbuzz_ng.so
09-11 15:53:34.891 17396-17111/? A/google-breakpad: M 0000007F8DD54000 0000000000000000 0000000000004000 C707B9CD88E3DD50E1A0EDEFEBE6A9A00 libusbhost.so
09-11 15:53:34.891 17396-17111/? A/google-breakpad: M 0000007F8DD69000 0000000000000000 0000000000063000 9DC875FC69F6F5315789CBDC2FD75E770 libjpeg.so
09-11 15:53:34.891 17396-17111/? A/google-breakpad: M 0000007F8DD80000 0000000000000000 000000000012E000 42650D0B2C2011877FBCCEDC5C32650E0 libmedia.so
09-11 15:53:34.891 17396-17111/? A/google-breakpad: M 0000007F8DEDC000 0000000000000000 0000000000236000 23616EF14AF4683525FCA056B68BA75E0 libicui18n.so
09-11 15:53:34.891 17396-17111/? A/google-breakpad: M 0000007F8E11E000 0000000000000000 000000000019D000 A300EC17BD5651A31B6E06E9E54E753D0 libicuuc.so
09-11 15:53:34.891 17396-17111/? A/google-breakpad: M 0000007F8E2E2000 0000000000000000 0000000000039000 AA9AD65C7D0C44682FD190F3A9EB736B0 libssl.so
09-11 15:53:34.891 17396-17111/? A/google-breakpad: M 0000007F8E32F000 0000000000000000 0000000000102000 5C45681888F83A97B99DECAD86B2A2E40 libcrypto.so
09-11 15:53:34.891 17396-17111/? A/google-breakpad: M 0000007F8E455000 0000000000000000 0000000000058000 3E27E8F242D45E703E915C1B55F680A60 libsonivox.so
09-11 15:53:34.891 17396-17111/? A/google-breakpad: M 0000007F8E4C0000 0000000000000000 0000000000015000 3EDEABFD52A1E4DA120DB3228B095D390 libselinux.so
09-11 15:53:34.891 17396-17111/? A/google-breakpad: M 0000007F8E4E8000 0000000000000000 000000000000C000 419FA3ACF7C539551ADE784EADF583140 libhardware_legacy.so
09-11 15:53:34.891 17396-17111/? A/google-breakpad: M 0000007F8E506000 0000000000000000 0000000000002000 19226775B71504E77761EF9BC2CA3B900 libhardware.so
09-11 15:53:34.891 17396-17111/? A/google-breakpad: M 0000007F8E519000 0000000000000000 0000000000003000 8D365DF9A19A2830307CDCC3425EB6110 libETC1.so
09-11 15:53:34.891 17396-17111/? A/google-breakpad: M 0000007F8E52E000 0000000000000000 0000000000017000 175454E3DAB0376C9DAD17E93DC384A40 libGLESv2.so
09-11 15:53:34.891 17396-17111/? A/google-breakpad: M 0000007F8E557000 0000000000000000 000000000000C000 93509DABFB4F9B90442A22955F795BA60 libGLESv1_CM.so
09-11 15:53:34.891 17396-17111/? A/google-breakpad: M 0000007F8E55D000 0000000000000000 00000000000DD000 F1D05EBD3CEFC24E6DC7C515C115926F0 libEGL.so
09-11 15:53:34.891 17396-17111/? A/google-breakpad: M 0000007F8E65C000 0000000000000000 00000000000C4000 A2C660F057F755B4603A4BE37E89CEEE0 libsqlite.so
09-11 15:53:34.891 17396-17111/? A/google-breakpad: M 0000007F8E6F4000 0000000000000000 00000000004E4000 B3D8348B5306051AADAD24935527E7450 libskia.so
09-11 15:53:34.891 17396-17111/? A/google-breakpad: M 0000007F8EC22000 0000000000000000 0000000000009000 6E90C275A8788F79F700AE99D06C01F50 libcamera_metadata.so
09-11 15:53:34.892 17396-17111/? A/google-breakpad: M 0000007F8EC2C000 0000000000000000 000000000004C000 C9863BB16546D614EE3B84ECF4D8CAEC0 libcamera_client.so
09-11 15:53:34.892 17396-17111/? A/google-breakpad: M 0000007F8EC92000 0000000000000000 000000000005D000 41A37051E8EE36A3FB0AE98975CDDC160 libinputflinger.so
09-11 15:53:34.892 17396-17111/? A/google-breakpad: M 0000007F8ECFD000 0000000000000000 000000000002B000 38E52DBE1836609C1005526CD44F83E70 libinput.so
09-11 15:53:34.892 17396-17111/? A/google-breakpad: M 0000007F8ED1C000 0000000000000000 000000000008D000 E7663BC558554D95D4DB353AB44107880 libgui.so
09-11 15:53:34.892 17396-17111/? A/google-breakpad: M 0000007F8EDD0000 0000000000000000 0000000000010000 CC37976C7F9119EC05D66649D0B1CCB50 libui.so
09-11 15:53:34.892 17396-17111/? A/google-breakpad: M 0000007F8EDE2000 0000000000000000 0000000000007000 E922F5B498B2E16B109DED23B1A1C3540 libnetutils.so
09-11 15:53:34.892 17396-17111/? A/google-breakpad: M 0000007F8EDFB000 0000000000000000 0000000000008000 026012FF6C54073CC7EF76A150BC88DB0 libnativehelper.so
09-11 15:53:34.892 17396-17111/? A/google-breakpad: M 0000007F8EE14000 0000000000000000 0000000000021000 D995A32B774BC770E8D05DABA6FC8BA90 libexpat.so
09-11 15:53:34.892 17396-17111/? A/google-breakpad: M 0000007F8EE47000 0000000000000000 000000000003C000 EBF2ECA9E2F35D1965ACA8C9C5A340F60 libandroidfw.so
09-11 15:53:34.892 17396-17111/? A/google-breakpad: M 0000007F8EE96000 0000000000000000 0000000000001000 D99523454100D83F221691626DE3B47B0 libmemtrack.so
09-11 15:53:34.892 17396-17111/? A/google-breakpad: M 0000007F8EEA9000 0000000000000000 000000000000A000 1234875B1F930E2E8DB367F2A00114850 libbacktrace.so
09-11 15:53:34.892 17396-17111/? A/google-breakpad: M 0000007F8EEC5000 0000000000000000 0000000000038000 B63DC3D206D3EBEA5E6041D86C41E5540 libm.so
09-11 15:53:34.892 17396-17111/? A/google-breakpad: M 0000007F8EF0F000 0000000000000000 00000000000F6000 8C40B16380AC59EEEF2DEFA2BDB2174C0 libc.so
09-11 15:53:34.892 17396-17111/? A/google-breakpad: M 0000007F8F024000 0000000000000000 00000000000E0000 A96D0F447954414B42A41364822411E10 libc++.so
09-11 15:53:34.892 17396-17111/? A/google-breakpad: M 0000007F8F119000 0000000000000000 0000000000041000 BE222EA20FD72EB47A88345B03C689BF0 libwilhelm.so
09-11 15:53:34.892 17396-17111/? A/google-breakpad: M 0000007F8F141000 0000000000000000 0000000000193000 D51FF51679A949C03E9280603D0ECAAF0 libandroid_runtime.so
09-11 15:53:34.892 17396-17111/? A/google-breakpad: M 0000007F8F2F3000 0000000000000000 0000000000044000 5D41001808F4BEE2AF0D07399BBF76740 libbinder.so
09-11 15:53:34.892 17396-17111/? A/google-breakpad: M 0000007F8F352000 0000000000000000 000000000000C000 57A52A9FD676CF2ECCF43942728A3BD80 liblog.so
09-11 15:53:34.892 17396-17111/? A/google-breakpad: M 0000007F8F36F000 0000000000000000 0000000000025000 A7BA3485816AEBFEC18F38EDD37307A50 libutils.so
09-11 15:53:34.892 17396-17111/? A/google-breakpad: M 0000007F8F3A6000 0000000000000000 000000000001A000 5B8FD36D39A9C56820E1F33BB40CD3BA0 libcutils.so
09-11 15:53:34.892 17396-17111/? A/google-breakpad: M 0000007F8F3F7000 0000000000000000 0000000000032000 7AD779328DF7229F6BEB27B92DE83FBA0 linker64
09-11 15:53:34.893 17396-17111/? A/google-breakpad: M 0000007F8F436000 0000000000000000 0000000000001000 672B2CD6CF8AF6C43BD70F2AB02B3D0C0 linux-gate.so
09-11 15:53:34.893 17396-17111/? A/google-breakpad: -----END BREAKPAD MICRODUMP-----
09-11 15:53:34.924 15783-17111/? A/libc: Fatal signal 6 (SIGABRT), code -6 in tid 17111 (RxCachedThreadS)
09-11 15:53:34.947 15783-17121/? A/libc: FORTIFY: FD_SET: file descriptor >= FD_SETSIZE
09-11 15:53:34.947 15783-17121/? A/libc: Fatal signal 6 (SIGABRT), code -6 in tid 17121 (RxCachedThreadS)
09-11 15:53:35.041 525-525/? A/DEBUG: *** *** *** *** *** *** *** *** *** *** *** *** *** *** *** ***
09-11 15:53:35.041 525-525/? A/DEBUG: Build fingerprint: 'HUAWEI/EDISON/hwedison:6.0/HUAWEIEDISON-AL10/C233B017:user/release-keys'
09-11 15:53:35.041 525-525/? A/DEBUG: Revision: '0'
09-11 15:53:35.041 525-525/? A/DEBUG: ABI: 'arm64'
09-11 15:53:35.042 525-525/? A/DEBUG: pid: 15783, tid: 17111, name: RxCachedThreadS  >>> com.myhexin.xcs.client.aip08 <<<
09-11 15:53:35.042 525-525/? A/DEBUG: signal 6 (SIGABRT), code -6 (SI_TKILL), fault addr --------
09-11 15:53:35.108 525-525/? A/DEBUG: Abort message: 'FORTIFY: FD_SET: file descriptor >= FD_SETSIZE'
09-11 15:53:35.108 525-525/? A/DEBUG:     x0   0000000000000000  x1   00000000000042d7  x2   0000000000000006  x3   0000000000000000
09-11 15:53:35.108 525-525/? A/DEBUG:     x4   0000000000000000  x5   0000000000000001  x6   0000000000000000  x7   0000000000000000
09-11 15:53:35.108 525-525/? A/DEBUG:     x8   0000000000000083  x9   525e43451f3c3d1f  x10  7f7f7f7f7f7f7f7f  x11  0101010101010101
09-11 15:53:35.109 525-525/? A/DEBUG:     x12  0000007f8f0208c0  x13  b4f6143f67e517b8  x14  b4f6143f67e517b8  x15  000b2e87aa597ec4
09-11 15:53:35.109 525-525/? A/DEBUG:     x16  0000007f8f01a4d8  x17  0000007f8ef78a2c  x18  00000000ffffffd0  x19  0000007ede23a500
09-11 15:53:35.109 525-525/? A/DEBUG:     x20  0000007ede23a440  x21  000000000000000b  x22  0000000000000006  x23  0000007f331ecbc0
09-11 15:53:35.109 525-525/? A/DEBUG:     x24  0000007ede238b70  x25  0000007ede238b80  x26  0000007f32b49bc0  x27  0000007ede238d48
09-11 15:53:35.109 525-525/? A/DEBUG:     x28  0000000000007530  x29  0000007ede2388d0  x30  0000007f8ef76888
09-11 15:53:35.109 525-525/? A/DEBUG:     sp   0000007ede2388d0  pc   0000007f8ef78a34  pstate 0000000020000000
09-11 15:53:35.125 525-525/? A/DEBUG: backtrace:
09-11 15:53:35.125 525-525/? A/DEBUG:     #00 pc 0000000000069a34  /system/lib64/libc.so (tgkill+8)
09-11 15:53:35.125 525-525/? A/DEBUG:     #01 pc 0000000000067884  /system/lib64/libc.so (pthread_kill+68)
09-11 15:53:35.125 525-525/? A/DEBUG:     #02 pc 00000000000246cc  /system/lib64/libc.so (raise+28)
09-11 15:53:35.125 525-525/? A/DEBUG:     #03 pc 000000000001efd8  /system/lib64/libc.so (abort+60)
09-11 15:53:35.125 525-525/? A/DEBUG:     #04 pc 0000000000022420  /system/lib64/libc.so (__libc_fatal+128)
09-11 15:53:35.125 525-525/? A/DEBUG:     #05 pc 0000000000022444  /system/lib64/libc.so (__fortify_chk_fail+32)
09-11 15:53:35.125 525-525/? A/DEBUG:     #06 pc 0000000000070914  /system/lib64/libc.so (__FD_SET_chk+32)
09-11 15:53:35.125 525-525/? A/DEBUG:     #07 pc 0000000000011170  /system/lib64/libjavacrypto.so
09-11 15:53:35.125 525-525/? A/DEBUG:     #08 pc 000000000001a1a8  /system/lib64/libjavacrypto.so
09-11 15:53:35.125 525-525/? A/DEBUG:     #09 pc 0000000074037368  /data/dalvik-cache/arm64/system@framework@boot.oat (offset 0x2462000)
09-11 15:53:36.130 525-525/? A/DEBUG: Tombstone written to: /data/tombstones/tombstone_02
09-11 15:53:36.484 929-1315/? E/ConnectivityService: RemoteException caught trying to send a callback msg for NetworkRequest [ id=1829, legacyType=-1, [ Capabilities: INTERNET&NOT_RESTRICTED&TRUSTED] ]
09-11 15:53:36.487 929-1315/? E/ConnectivityService: RemoteException caught trying to send a callback msg for NetworkRequest [ id=1828, legacyType=-1, [ Capabilities: INTERNET&NOT_RESTRICTED&TRUSTED] ]
09-11 15:53:59.089 929-2262/? E/PowerManagerService: updateWakeLockWorkSourceInternal: lock=81590375 [not found], ws=null
09-11 15:57:23.622 929-1307/? E/HwWifiP2pService: Unhandled message { when=0 what=143375 arg1=1 arg2=196615 obj=DhcpClient:
     total records=10542
     rec[0]: time=09-11 15:32:22.949 processed=WaitBeforeRenewalState org=WaitBeforeRenewalState dest=DhcpRenewingState what=196615(0x30007)
     rec[1]: time=09-11 15:32:22.951 processed=DhcpRenewingState org=DhcpRenewingState dest=<null> what=196709(0x30065)
     rec[2]: time=09-11 15:32:22.959 processed=DhcpRenewingState org=DhcpRenewingState dest=DhcpBoundState what=196710(0x30066)
     rec[3]: time=09-11 15:37:22.967 processed=DhcpBoundState org=DhcpBoundState dest=WaitBeforeRenewalState what=196611(0x30003)
     rec[4]: time=09-11 15:37:23.076 processed=WaitBeforeRenewalState org=WaitBeforeRenewalState dest=DhcpRenewingState what=196615(0x30007)
     rec[5]: time=09-11 15:37:23.079 processed=DhcpRenewingState org=DhcpRenewingState dest=<null> what=196709(0x30065)
     rec[6]: time=09-11 15:37:23.176 processed=DhcpRenewingState org=DhcpRenewingState dest=DhcpBoundState what=196710(0x30066)
     rec[7]: time=09-11 15:42:23.183 processed=DhcpBoundState org=DhcpBoundState dest=WaitBeforeRenewalState what=196611(0x30003)
     rec[8]: time=09-11 15:42:23.284 processed=WaitBeforeRenewalState org=WaitBeforeRenewalState dest=DhcpRenewingState what=196615(0x30007)
     rec[9]: time=09-11 15:42:23.286 processed=DhcpRenewingState org=DhcpRenewingState dest=<null> what=196709(0x30065)
     rec[10]: time=09-11 15:42:23.293 processed=DhcpRenewingState org=DhcpRenewingState dest=DhcpBoundState what=196710(0x30066)
     rec[11]: time=09-11 15:47:23.299 processed=DhcpBoundState org=DhcpBoundState dest=WaitBeforeRenewalState what=196611(0x30003)
     rec[12]: time=09-11 15:47:23.405 processed=WaitBeforeRenewalState org=WaitBeforeRenewalState dest=DhcpRenewingState what=196615(0x30007)
     rec[13]: time=09-11 15:47:23.407 processed=DhcpRenewingState org=DhcpRenewingState dest=<null> what=196709(0x30065)
     rec[14]: time=09-11 15:47:23.415 processed=DhcpRenewingState org=DhcpRenewingState dest=DhcpBoundState what=196710(0x30066)
     rec[15]: time=09-11 15:52:23.417 processed=DhcpBoundState org=DhcpBoundState dest=WaitBeforeRenewalState what=196611(0x30003)
     rec[16]: time=09-11 15:52:23.509 processed=WaitBeforeRenewalState org=WaitBeforeRenewalState dest=DhcpRenewingState what=196615(0x30007)
     rec[17]: time=09-11 15:52:23.511 processed=DhcpRenewingState org=DhcpRenewingState dest=<null> what=196709(0x30065)
     rec[18]: time=09-11 15:52:23.520 processed=DhcpRenewingState org=DhcpRenewingState dest=DhcpBoundState what=196710(0x30066)
     rec[19]: time=09-11 15:57:23.523 processed=DhcpBoundState org=DhcpBoundState dest=WaitBeforeRenewalState what=196611(0x30003)
    curState=WaitBeforeRenewalState
     target=com.android.internal.util.StateMachine$SmHandler }
09-11 15:57:23.644 929-1307/? E/HwWifiP2pService: Unhandled message { when=0 what=143375 target=com.android.internal.util.StateMachine$SmHandler }
09-11 15:59:57.921 929-929/? E/InputMethodManagerService: Ignoring updateSystemUiLocked due to an invalid token. uid:1000 token:null
09-11 15:59:58.341 929-984/? E/BroadcastQueue: mHwMtmBroadcastResourceManager isBroadcastResourceManaged
09-11 15:59:59.114 18472-18229/? E/ActivityThread: Failed to find provider info for com.tencent.mtt.account.sync
09-11 16:00:03.558 929-984/? E/BroadcastQueue: mHwMtmBroadcastResourceManager isBroadcastResourceManaged
09-11 16:00:03.592 929-984/? E/BroadcastQueue: mHwMtmBroadcastResourceManager isBroadcastResourceManaged
09-11 16:00:04.331 929-984/? E/BroadcastQueue: mHwMtmBroadcastResourceManager isBroadcastResourceManaged
09-11 16:00:05.370 929-984/? E/BroadcastQueue: mHwMtmBroadcastResourceManager isBroadcastResourceManaged
09-11 16:00:06.396 929-984/? E/BroadcastQueue: mHwMtmBroadcastResourceManager isBroadcastResourceManaged
09-11 16:00:07.584 18622-18622/? A/libc: page record for 0x7fab7f6010 was not found (block_size=64)
09-11 16:00:07.593 929-984/? E/BroadcastQueue: mHwMtmBroadcastResourceManager isBroadcastResourceManaged
09-11 16:00:08.351 18679-18679/? A/libc: page record for 0x7f8892f010 was not found (block_size=64)
09-11 16:00:08.550 929-984/? E/BroadcastQueue: mHwMtmBroadcastResourceManager isBroadcastResourceManaged
09-11 16:00:09.046 929-984/? E/BroadcastQueue: mHwMtmBroadcastResourceManager isBroadcastResourceManaged
09-11 16:00:09.927 18331-18414/? E/ActivityThread: Failed to find provider info for com.huawei.android.launcher.settings;com.android.badge
09-11 16:00:11.720 929-984/? E/BroadcastQueue: mHwMtmBroadcastResourceManager isBroadcastResourceManaged
09-11 16:00:12.965 929-929/? E/InputMethodManagerService: Ignoring updateSystemUiLocked due to an invalid token. uid:1000 token:null
09-11 16:00:13.319 929-929/? E/InputMethodManagerService: Ignoring updateSystemUiLocked due to an invalid token. uid:1000 token:null
09-11 16:00:13.538 929-984/? E/BroadcastQueue: mHwMtmBroadcastResourceManager isBroadcastResourceManaged
09-11 16:00:13.708 929-984/? E/BroadcastQueue: mHwMtmBroadcastResourceManager isBroadcastResourceManaged
09-11 16:00:13.817 929-984/? E/BroadcastQueue: mHwMtmBroadcastResourceManager isBroadcastResourceManaged
09-11 16:00:13.850 929-984/? E/BroadcastQueue: mHwMtmBroadcastResourceManager isBroadcastResourceManaged
09-11 16:00:14.054 929-984/? E/BroadcastQueue: mHwMtmBroadcastResourceManager isBroadcastResourceManaged
09-11 16:00:14.116 929-984/? E/BroadcastQueue: mHwMtmBroadcastResourceManager isBroadcastResourceManaged
09-11 16:00:14.155 929-984/? E/BroadcastQueue: mHwMtmBroadcastResourceManager isBroadcastResourceManaged
09-11 16:00:14.246 929-984/? E/BroadcastQueue: mHwMtmBroadcastResourceManager isBroadcastResourceManaged
09-11 16:00:14.292 929-984/? E/BroadcastQueue: mHwMtmBroadcastResourceManager isBroadcastResourceManaged
09-11 16:00:14.315 929-984/? E/BroadcastQueue: mHwMtmBroadcastResourceManager isBroadcastResourceManaged
09-11 16:00:16.073 929-984/? E/BroadcastQueue: mHwMtmBroadcastResourceManager isBroadcastResourceManaged
09-11 16:00:25.027 19447-19475/? E/ActivityThread: Failed to find provider info for com.huawei.espace.provider
09-11 16:00:37.118 929-1315/? E/ConnectivityService: RemoteException caught trying to send a callback msg for NetworkRequest [ id=1831, legacyType=-1, [ Capabilities: INTERNET&NOT_RESTRICTED&TRUSTED] ]
09-11 16:00:40.083 929-1315/? E/ConnectivityService: RemoteException caught trying to send a callback msg for NetworkRequest [ id=1835, legacyType=-1, [ Capabilities: INTERNET&NOT_RESTRICTED&TRUSTED] ]
09-11 16:00:40.085 929-1315/? E/ConnectivityService: RemoteException caught trying to send a callback msg for NetworkRequest [ id=1834, legacyType=-1, [ Capabilities: INTERNET&NOT_RESTRICTED&TRUSTED] ]
09-11 16:00:40.170 929-986/? E/libprocessgroup: failed to kill 1 processes for processgroup 18926
09-11 16:00:40.308 929-929/? E/InputMethodManagerService: Ignoring updateSystemUiLocked due to an invalid token. uid:1000 token:null
09-11 16:00:44.044 20073-20102/? E/ActivityThread: Failed to find provider info for com.huawei.espace.provider
09-11 16:02:23.781 929-1307/? E/HwWifiP2pService: Unhandled message { when=0 what=143375 arg1=1 arg2=196615 obj=DhcpClient:
     total records=10546
     rec[0]: time=09-11 15:37:23.076 processed=WaitBeforeRenewalState org=WaitBeforeRenewalState dest=DhcpRenewingState what=196615(0x30007)
     rec[1]: time=09-11 15:37:23.079 processed=DhcpRenewingState org=DhcpRenewingState dest=<null> what=196709(0x30065)
     rec[2]: time=09-11 15:37:23.176 processed=DhcpRenewingState org=DhcpRenewingState dest=DhcpBoundState what=196710(0x30066)
     rec[3]: time=09-11 15:42:23.183 processed=DhcpBoundState org=DhcpBoundState dest=WaitBeforeRenewalState what=196611(0x30003)
     rec[4]: time=09-11 15:42:23.284 processed=WaitBeforeRenewalState org=WaitBeforeRenewalState dest=DhcpRenewingState what=196615(0x30007)
     rec[5]: time=09-11 15:42:23.286 processed=DhcpRenewingState org=DhcpRenewingState dest=<null> what=196709(0x30065)
     rec[6]: time=09-11 15:42:23.293 processed=DhcpRenewingState org=DhcpRenewingState dest=DhcpBoundState what=196710(0x30066)
     rec[7]: time=09-11 15:47:23.299 processed=DhcpBoundState org=DhcpBoundState dest=WaitBeforeRenewalState what=196611(0x30003)
     rec[8]: time=09-11 15:47:23.405 processed=WaitBeforeRenewalState org=WaitBeforeRenewalState dest=DhcpRenewingState what=196615(0x30007)
     rec[9]: time=09-11 15:47:23.407 processed=DhcpRenewingState org=DhcpRenewingState dest=<null> what=196709(0x30065)
     rec[10]: time=09-11 15:47:23.415 processed=DhcpRenewingState org=DhcpRenewingState dest=DhcpBoundState what=196710(0x30066)
     rec[11]: time=09-11 15:52:23.417 processed=DhcpBoundState org=DhcpBoundState dest=WaitBeforeRenewalState what=196611(0x30003)
     rec[12]: time=09-11 15:52:23.509 processed=WaitBeforeRenewalState org=WaitBeforeRenewalState dest=DhcpRenewingState what=196615(0x30007)
     rec[13]: time=09-11 15:52:23.511 processed=DhcpRenewingState org=DhcpRenewingState dest=<null> what=196709(0x30065)
     rec[14]: time=09-11 15:52:23.520 processed=DhcpRenewingState org=DhcpRenewingState dest=DhcpBoundState what=196710(0x30066)
     rec[15]: time=09-11 15:57:23.523 processed=DhcpBoundState org=DhcpBoundState dest=WaitBeforeRenewalState what=196611(0x30003)
     rec[16]: time=09-11 15:57:23.624 processed=WaitBeforeRenewalState org=WaitBeforeRenewalState dest=DhcpRenewingState what=196615(0x30007)
     rec[17]: time=09-11 15:57:23.627 processed=DhcpRenewingState org=DhcpRenewingState dest=<null> what=196709(0x30065)
     rec[18]: time=09-11 15:57:23.636 processed=DhcpRenewingState org=DhcpRenewingState dest=DhcpBoundState what=196710(0x30066)
     rec[19]: time=09-11 16:02:23.645 processed=DhcpBoundState org=DhcpBoundState dest=WaitBeforeRenewalState what=196611(0x30003)
    curState=WaitBeforeRenewalState
     target=com.android.internal.util.StateMachine$SmHandler }
09-11 16:02:23.804 929-1307/? E/HwWifiP2pService: Unhandled message { when=0 what=143375 target=com.android.internal.util.StateMachine$SmHandler }
09-11 16:05:05.896 929-1315/? E/ConnectivityService: RemoteException caught trying to send a callback msg for NetworkRequest [ id=1819, legacyType=-1, [ Capabilities: INTERNET&NOT_RESTRICTED&TRUSTED] ]
09-11 16:05:05.897 929-1315/? E/ConnectivityService: RemoteException caught trying to send a callback msg for NetworkRequest [ id=1817, legacyType=-1, [ Capabilities: INTERNET&NOT_RESTRICTED&TRUSTED] ]
09-11 16:05:05.907 929-1315/? E/ConnectivityService: RemoteException caught trying to send a callback msg for NetworkRequest [ id=1800, legacyType=-1, [ Capabilities: INTERNET&NOT_RESTRICTED&TRUSTED] ]
09-11 16:05:05.959 929-1315/? E/ConnectivityService: RemoteException caught trying to send a callback msg for NetworkRequest [ id=1825, legacyType=-1, [ Capabilities: INTERNET&NOT_RESTRICTED&TRUSTED] ]
09-11 16:05:05.960 929-1315/? E/ConnectivityService: RemoteException caught trying to send a callback msg for NetworkRequest [ id=1826, legacyType=-1, [ Capabilities: INTERNET&NOT_RESTRICTED&TRUSTED] ]
09-11 16:07:23.905 929-1307/? E/HwWifiP2pService: Unhandled message { when=-15ms what=143375 arg1=1 arg2=196615 obj=DhcpClient:
     total records=10550
     rec[0]: time=09-11 15:42:23.284 processed=WaitBeforeRenewalState org=WaitBeforeRenewalState dest=DhcpRenewingState what=196615(0x30007)
     rec[1]: time=09-11 15:42:23.286 processed=DhcpRenewingState org=DhcpRenewingState dest=<null> what=196709(0x30065)
     rec[2]: time=09-11 15:42:23.293 processed=DhcpRenewingState org=DhcpRenewingState dest=DhcpBoundState what=196710(0x30066)
     rec[3]: time=09-11 15:47:23.299 processed=DhcpBoundState org=DhcpBoundState dest=WaitBeforeRenewalState what=196611(0x30003)
     rec[4]: time=09-11 15:47:23.405 processed=WaitBeforeRenewalState org=WaitBeforeRenewalState dest=DhcpRenewingState what=196615(0x30007)
     rec[5]: time=09-11 15:47:23.407 processed=DhcpRenewingState org=DhcpRenewingState dest=<null> what=196709(0x30065)
     rec[6]: time=09-11 15:47:23.415 processed=DhcpRenewingState org=DhcpRenewingState dest=DhcpBoundState what=196710(0x30066)
     rec[7]: time=09-11 15:52:23.417 processed=DhcpBoundState org=DhcpBoundState dest=WaitBeforeRenewalState what=196611(0x30003)
     rec[8]: time=09-11 15:52:23.509 processed=WaitBeforeRenewalState org=WaitBeforeRenewalState dest=DhcpRenewingState what=196615(0x30007)
     rec[9]: time=09-11 15:52:23.511 processed=DhcpRenewingState org=DhcpRenewingState dest=<null> what=196709(0x30065)
     rec[10]: time=09-11 15:52:23.520 processed=DhcpRenewingState org=DhcpRenewingState dest=DhcpBoundState what=196710(0x30066)
     rec[11]: time=09-11 15:57:23.523 processed=DhcpBoundState org=DhcpBoundState dest=WaitBeforeRenewalState what=196611(0x30003)
     rec[12]: time=09-11 15:57:23.624 processed=WaitBeforeRenewalState org=WaitBeforeRenewalState dest=DhcpRenewingState what=196615(0x30007)
     rec[13]: time=09-11 15:57:23.627 processed=DhcpRenewingState org=DhcpRenewingState dest=<null> what=196709(0x30065)
     rec[14]: time=09-11 15:57:23.636 processed=DhcpRenewingState org=DhcpRenewingState dest=DhcpBoundState what=196710(0x30066)
     rec[15]: time=09-11 16:02:23.645 processed=DhcpBoundState org=DhcpBoundState dest=WaitBeforeRenewalState what=196611(0x30003)
     rec[16]: time=09-11 16:02:23.783 processed=WaitBeforeRenewalState org=WaitBeforeRenewalState dest=DhcpRenewingState what=196615(0x30007)
     rec[17]: time=09-11 16:02:23.792 processed=DhcpRenewingState org=DhcpRenewingState dest=<null> what=196709(0x30065)
     rec[18]: time=09-11 16:02:23.799 processed=DhcpRenewingState org=DhcpRenewingState dest=DhcpBoundState what=196710(0x30066)
     rec[19]: time=09-11 16:07:23.801 processed=DhcpBoundState org=DhcpBoundState dest=WaitBeforeRenewalState what=196611(0x30003)
    curState=WaitBeforeRenewalState
     target=com.android.internal.util.StateMachine$SmHandler }
09-11 16:07:23.923 929-1307/? E/HwWifiP2pService: Unhandled message { when=0 what=143375 target=com.android.internal.util.StateMachine$SmHandler }
09-11 16:08:56.962 19905-20542/? A/libc: FORTIFY: FD_SET: file descriptor >= FD_SETSIZE
09-11 16:08:57.088 22010-20542/? A/google-breakpad: -----BEGIN BREAKPAD MICRODUMP-----
09-11 16:08:57.088 22010-20542/? A/google-breakpad: V WebView:55.0.2883.91
09-11 16:08:57.089 22010-20542/? A/google-breakpad: O A arm64 08 aarch64 HUAWEI/EDISON/hwedison:6.0/HUAWEIEDISON-AL10/C233B017:user/release-keys
09-11 16:08:57.090 22010-20542/? A/google-breakpad: P webview
09-11 16:08:57.090 22010-20542/? A/google-breakpad: G OpenGL ES 3.1 v1.r8p0-01dev0.aa829512e3c4ac5a9261cd1b826d668c|ARM|Mali-T880
09-11 16:08:57.090 22010-20542/? A/google-breakpad: S 0 0000007F6E3CE8D0 0000007F6E3CE000 0000000000003000
09-11 16:08:57.094 22010-20542/? A/google-breakpad: S 0000007F6E3CE000 6CC49A730000000000A0C78A7F00000030E03C6E7F000000D0D2768A7F00000038A042710000000000B2CE8A7F00000020E13C6E7F0000008C1DA98A7F00000028E33C6E7F000000006CAA13000000005900000000000000000000000000000048E63C6E7F00000000A0C78A7F000000A01DC78A7F00000050BEBC8A7F00000000A0C78A7F000000000000000000000009000000000000000000000000000000E0E93C6E7F000000D859838A7F00000000900C357F0000001400000000000000060000000000000001000000000000000000000000000000010000000000000010E13C6E7F000000CCAB768A7F00000038A042710000000038A04271000000000010C98A7F000000000000000000000050E13C6E7F0000001C22A88A7F00000028E33C6E7F00000038A042710000000008E23C6E7F00000038A04271000000003000000000001840000000003F14F6B490E23C6E7F000000FCF3A98A7F0000002D00000000000000006CAA130000000028E33C6E7F000000A8E33C6E7F000000
